------ ------------ -----------------------------
% time      seconds wait_event                     query: SELECT f1, f2, f3 FROM t1, t2 WHERE t1.f1 = t2.f1
------ ------------ -----------------------------
