         [37;1mfuncid    [0m[37;1mfunction                      [0m[37;1mtotal_calls  [0m[37;1mcalls     [0m[37;1mtotal_t   [0m[37;1mself_t    [0m[37;1mavg_t      [0m[37;1mavg_self_t                        [0m
15:31:24 59741     public.pgstatindex            3            0         00:00:00  00:00:00  110400e-4  110400e-4
         16400     public.pg_stat_statements     43840        5         00:00:21  00:00:21  4800e-4    4800e-4
         1993      pg_catalog.shobj_description  11           0         00:00:00  00:00:00  9500e-4    9500e-4
         1216      pg_catalog.col_description    22           0         00:00:00  00:00:00  97900e-4   97900e-4
         1215      pg_catalog.obj_description    16           0         00:00:00  00:00:00  800e-4     800e-4
15:31:25 59741     public.pgstatindex            3            0         00:00:00  00:00:00  110400e-4  110400e-4
         16400     public.pg_stat_statements     43845        5         00:00:21  00:00:21  4800e-4    4800e-4
         1993      pg_catalog.shobj_description  11           0         00:00:00  00:00:00  9500e-4    9500e-4
         1216      pg_catalog.col_description    22           0         00:00:00  00:00:00  97900e-4   97900e-4
         1215      pg_catalog.obj_description    16           0         00:00:00  00:00:00  800e-4     800e-4
15:31:26 59741     public.pgstatindex            3            0         00:00:00  00:00:00  110400e-4  110400e-4
         16400     public.pg_stat_statements     43850        5         00:00:21  00:00:21  4800e-4    4800e-4
         1993      pg_catalog.shobj_description  11           0         00:00:00  00:00:00  9500e-4    9500e-4
         1216      pg_catalog.col_description    22           0         00:00:00  00:00:00  97900e-4   97900e-4
         1215      pg_catalog.obj_description    16           0         00:00:00  00:00:00  800e-4     800e-4
15:31:27 59741     public.pgstatindex            3            0         00:00:00  00:00:00  110400e-4  110400e-4
         16400     public.pg_stat_statements     43855        5         00:00:21  00:00:21  4800e-4    4800e-4
         1993      pg_catalog.shobj_description  11           0         00:00:00  00:00:00  9500e-4    9500e-4
         1216      pg_catalog.col_description    22           0         00:00:00  00:00:00  97900e-4   97900e-4
         1215      pg_catalog.obj_description    16           0         00:00:00  00:00:00  800e-4     800e-4
         [37;1mfuncid    [0m[37;1mfunction                      [0m[37;1mtotal_calls  [0m[37;1mcalls     [0m[37;1mtotal_t   [0m[37;1mself_t    [0m[37;1mavg_t      [0m[37;1mavg_self_t                        [0m
15:31:28 59741     public.pgstatindex            3            0         00:00:00  00:00:00  110400e-4  110400e-4
         16400     public.pg_stat_statements     43860        5         00:00:21  00:00:21  4800e-4    4800e-4
         1993      pg_catalog.shobj_description  11           0         00:00:00  00:00:00  9500e-4    9500e-4
         1216      pg_catalog.col_description    22           0         00:00:00  00:00:00  97900e-4   97900e-4
         1215      pg_catalog.obj_description    16           0         00:00:00  00:00:00  800e-4     800e-4
15:31:29 59741     public.pgstatindex            3            0         00:00:00  00:00:00  110400e-4  110400e-4
         16400     public.pg_stat_statements     43865        5         00:00:21  00:00:21  4800e-4    4800e-4
         1993      pg_catalog.shobj_description  11           0         00:00:00  00:00:00  9500e-4    9500e-4
         1216      pg_catalog.col_description    22           0         00:00:00  00:00:00  97900e-4   97900e-4
         1215      pg_catalog.obj_description    16           0         00:00:00  00:00:00  800e-4     800e-4
15:31:30 59741     public.pgstatindex            3            0         00:00:00  00:00:00  110400e-4  110400e-4
         16400     public.pg_stat_statements     43865        0         00:00:21  00:00:21  4800e-4    4800e-4
         1993      pg_catalog.shobj_description  11           0         00:00:00  00:00:00  9500e-4    9500e-4
         1216      pg_catalog.col_description    22           0         00:00:00  00:00:00  97900e-4   97900e-4
         1215      pg_catalog.obj_description    16           0         00:00:00  00:00:00  800e-4     800e-4
15:31:31 59741     public.pgstatindex            3            0         00:00:00  00:00:00  110400e-4  110400e-4
         16400     public.pg_stat_statements     43875        10        00:00:21  00:00:21  4800e-4    4800e-4
         1993      pg_catalog.shobj_description  11           0         00:00:00  00:00:00  9500e-4    9500e-4
         1216      pg_catalog.col_description    22           0         00:00:00  00:00:00  97900e-4   97900e-4
         1215      pg_catalog.obj_description    16           0         00:00:00  00:00:00  800e-4     800e-4
         [37;1mfuncid    [0m[37;1mfunction                      [0m[37;1mtotal_calls  [0m[37;1mcalls     [0m[37;1mtotal_t   [0m[37;1mself_t    [0m[37;1mavg_t      [0m[37;1mavg_self_t                        [0m
15:31:32 59741     public.pgstatindex            3            0         00:00:00  00:00:00  110400e-4  110400e-4
         16400     public.pg_stat_statements     43880        5         00:00:21  00:00:21  4800e-4    4800e-4
         1993      pg_catalog.shobj_description  11           0         00:00:00  00:00:00  9500e-4    9500e-4
         1216      pg_catalog.col_description    22           0         00:00:00  00:00:00  97900e-4   97900e-4
         1215      pg_catalog.obj_description    16           0         00:00:00  00:00:00  800e-4     800e-4
