         [37;1mpid       [0m[37;1mxact_age  [0m[37;1mdatname   [0m[37;1mrelation                  [0m[37;1mindex                             [0m[37;1mstate     [0m[37;1mwaiting   [0m[37;1mphase                             [0m[37;1mlocker_pid  [0m[37;1mlockers   [0m[37;1msize_total/done_%  [0m[37;1mtup_total/done_%  [0m[37;1mparts_total/done_%  [0m[37;1mquery                             [0m
15:31:24 3365716   00:00:07  pgbench   pgbench_accounts_2021_01  pgbench_accounts_2021_01_abalan~  active    f         index validation: sorting tuple~  0           0/0       0/0.00             0/0.00            0/0.00              create index CONCURRENTLY pgben~
15:31:25 3365716   00:00:08  pgbench   pgbench_accounts_2021_01  pgbench_accounts_2021_01_abalan~  active    Lock.vi~  waiting for old snapshots         3365734     4/0       689656/99.00       0/0.00            0/0.00              create index CONCURRENTLY pgben~
15:31:26 3365716   00:00:09  pgbench   pgbench_accounts_2021_01  pgbench_accounts_2021_01_abalan~  active    Lock.vi~  waiting for old snapshots         3365734     4/0       689656/99.00       0/0.00            0/0.00              create index CONCURRENTLY pgben~
15:31:27 3365716   00:00:10  pgbench   pgbench_accounts_2021_01  pgbench_accounts_2021_01_abalan~  active    Lock.vi~  waiting for old snapshots         3365734     4/0       689656/99.00       0/0.00            0/0.00              create index CONCURRENTLY pgben~
