         [37;1mpid       [0m[37;1mclient    [0m[37;1muser      [0m[37;1mname        [0m[37;1mstate      [0m[37;1mmode      [0m[37;1mwal       [0m[37;1mpending   [0m[37;1mwrite     [0m[37;1mflush     [0m[37;1mreplay    [0m[37;1mtotal_lag  [0m[37;1mwrite_lag        [0m[37;1mflush_lag        [0m[37;1mreplay_lag                        [0m
15:31:24 1437                postgres  13/replica  streaming  async     2611      0         0         0         1292      1291       00:00:00.000000  00:00:00.000000  00:00:00.000000
15:31:25 1437                postgres  13/replica  streaming  async     1717      0         0         0         1         0          00:00:00.000000  00:00:00.000000  00:00:00.000000
15:31:26 1437                postgres  13/replica  streaming  async     272       0         0         0         0         0          00:00:00.000000  00:00:00.000000  00:00:00.000000
15:31:27 1437                postgres  13/replica  streaming  async     0         0         0         0         0         0          00:00:00.000000  00:00:00.000000  00:00:00.000000
15:31:28 1437                postgres  13/replica  streaming  async     2111      1599      512       0         0         2111       00:00:00.000000  00:00:00.000000  00:00:00.000000
15:31:29 1437                postgres  13/replica  streaming  async     268       0         0         2379      0         2379       00:00:00.000000  00:00:01.000000  00:00:03.000000
15:31:30 1437                postgres  13/replica  streaming  async     95        0         0         1         353       354        00:00:00.000000  00:00:00.000000  00:00:01.000000
15:31:31 1437                postgres  13/replica  streaming  async     22        0         0         1         364       365        00:00:00.000000  00:00:00.000000  00:00:02.000000
15:31:32 1437                postgres  13/replica  streaming  async     19        0         0         7         363       370        00:00:00.000000  00:00:00.000000  00:00:03.000000
