   7       0 loop0 95 0 2452 32 0 0 0 0 0 48 4 0 0 0 0
   7       1 loop1 4240 0 9320 1752 0 0 0 0 0 548 552 0 0 0 0
   8       0 sda 365227 90272 15921204 98369 5150395 4436840 318109296 3768215 0 4016024 1972744 391141 0 242608824 1702883
   8      16 sdb 309617 16786 12153678 8579283 85792505 8398482 1060037416 1671784653 0 115793892 1574521168 0 0 0 0
   7       8 loop8 624 0 3532 20 0 0 0 0 0 212 0 0 0 0 0
