   7       0 loop0 95 0 2452 32 0 0 0 0 0 48 4 0 0 0 0 0 0
   7       1 loop1 4240 0 9320 1752 0 0 0 0 0 548 552 0 0 0 0 0 0
   8       0 sda 365208 90272 15920380 98361 5144476 4431757 316780704 3758592 0 4010804 1967660 390788 0 242426032 1702032 1452785 1458752145
   8      16 sdb 309388 16786 12151846 8569789 85675301 8382129 1058502704 1669180952 0 115656192 1572052888 0 0 0 0 4587 12547854
