Inter-|   Receive                                                |  Transmit
 face |bytes    packets errs drop fifo frame compressed multicast|bytes    packets errs drop fifo colls carrier compressed
br-1234567: 197975757  583782    10   20   30    40         50        60 8688001214 1460628   70   80   90   100     110        120
vetha6f6db1: 77175306  225055    0    0    0     0          0         0 74337926  422379    0    0    0     0       0          0
veth681540b:       0       0    0    0    0     0          0         0  7861673   41751    0    0    0     0       0          0
vethb1d564c: 10221704004 3861145    0    0    0     0          0         0 5018467810 3350929    0    0    0     0       0          0
wlx1234567: 19442146228 14953729    15    25   35    45         55        65 653429694 3893477   75   85   95    105     115        125
